Set Implicit Arguments.
Section sec.
  Require Import WhoArith.
  Require Import WhoMap.
  Require Import WhoArray.
  Require Import WhoList.
  Variable r:  key. 
  Variable r1:  int. 
  Section sec1.
    Variable r2:  int. 
    Variable i:  int. 
    Hypothesis H:  1 <= i. 
    Hypothesis H1:  i <= 5. 
    Hypothesis H2:  r2 < (i * 10). 
    Lemma goal: (r2 + i) < ((i + 1) * 10).
      Proof.
      Admitted.
      
    End sec1.
  Lemma goal1: r1 < (1 * 10).
    Proof.
    Admitted.
    
  End sec.
