Set Implicit Arguments.
Section sec.
  
  Require Import WhoArith.
  Require Import WhoMap.
  Require Import WhoArray.
  Require Import WhoList.
  Variable r: key. 
  Variable r1: int. 
  Variable x: ref int r2. 
  Section sec1.
    Variable r3: int. 
    Variable i: int. 
    Hypothesis H: 1 <= i. 
    Hypothesis H1: i <= 5. 
    Hypothesis H2: r3 < (i * 10). 
    Lemma goal: (r3 + i) < ((i + 1) * 10).
    End sec1.
  Lemma goal1: r1 < (1 * 10).
  End sec.
