type list ['a||] = | Nil | Cons of a* list[a] 
let rec map ['a 'b||'e] (inv : < 'e> -> list[a] -> prop)
  (f : a ->{  +  'e} b) (l : list[a]) :
  list[b] {  +  'e} = {(fun (cur:< 'e>) -> True)}
  match l with Nil ->  Nil [b||]  | Cons(x,rl) ->
                let r = f x in Cons [b||] r (map inv f rl)  end 
  {(fun (old:< 'e>) -> (fun (cur:< 'e>) -> (fun (anon:list[b]) -> True)))} 
