logic = ['a||] : a -> a -> prop
logic !! ['a|r|'e] : ref(r,a) -> <r 'e> -> a
let
  ref ['a|r|] = (fun (v:a) -> {(fun (cur:<r >) -> True)}
                parameter(ref(r,a),{  + r })
                {(fun (old:<r >) ->
                 (fun (cur:<r >) -> (fun (x:ref(r,a)) -> !!x@cur = v)))}) 
let
  myref ['a|r|] = (fun (x:a) -> {(fun (cur:<r >) -> True)} ref(r) x
                  {(fun (old:<r >) ->
                   (fun (cur:<r >) -> (fun (anon:ref(r,a)) -> True)))}) 
