type bool
logic true  : bool
logic false  : bool
logic == ['a||] : a -> a -> bool
let
  f ['a||] = (fun (x:a) ->
             (fun (y:a) -> {(fun (cur:< >) -> True)} x ==[a||] y
             {(fun (old:< >) -> (fun (cur:< >) -> (fun (anon:bool) -> True)))})) 
let
  f1 ['a||] = (fun (x:a) -> {(fun (cur:< >) -> True)} true
              {(fun (old:< >) ->
               (fun (cur:< >) -> (fun (anon:bool) -> True)))}) 
let g  = f1 [bool||] true 
let h  = f1 [int||] 5 
