type unit
let
  := ['a|r|] = (fun (x:ref(r,a)) ->
               (fun (v:a) -> {(fun (cur:<r >) -> True)}
               parameter(unit,{r } + {r })
               {(fun (old:<r >) ->
                (fun (cur:<r >) -> (fun (anon:unit) -> True)))})) 
let
  x [|r|] = (fun (z:ref(r,int)) -> {(fun (c:<r >) -> True)}
            (:= [int| r|]) z 0
            {(fun (old:<r >) ->
             (fun (cur:<r >) -> (fun (anon:unit) -> True)))}) 
