(let apply ['a 'b]   [e] =
 ((λ(f:('a ->{|e } 'b)) ->
  ((λ(x:'a) -> (((f[][][] : ('a ->e 'b), 22) (x[][][] : 'a, 24)) : 'b, { e
   22 24})) : ('a ->{ e
  22 24} 'b), 27)) : (('a ->e 'b) ->27 ('a ->{ e
 22 24} 'b)), 29) in
 (let h  [r]  =
  ((λ(x:ref(r,nat)) ->
   (((((apply['a|->nat;'b|->nat;][][e|->{ {r } 56 59};] : ((nat ->{ {r } 56
      59} nat) ->{ } (nat ->{ {r } 56 59} nat)), 46)
      ((λ(z:nat) ->
       (((![a|->nat;][r|->r;][] : (ref(r,nat) ->{r } nat), 56)
        (x[][][] : ref(r,nat), 59)) : nat, { {r }
       56 59})) : (nat ->{ {r }
      56 59} nat), 62)) : (nat ->{ {r }
    56 59} nat), { { } 46 62}) (5 : nat, 64)) : nat, { { {r }
   56 59} { { } 46 62} 64})) : (ref(r,nat) ->{ { {r }
  56 59} { { } 46 62} 64} nat), 67) in (() : unit, 68) : unit, { 67
 68}) : unit, { 29 { 67
68}})
