let apply ['a 'b||e]=
(λ(f:('a ->{|e } 'b)) ->
(λ(x:'a) ->
(f  x ){(λ(old:map{|e }) ->
        (λ(cur:map{|e }) ->
        (λ(k:'b) ->
        (((((snd [('a ->(map{ e e e} ->prop)),('a ->(map{ e e e} ->(map{ e e
            e} ->('b ->prop))))||] f )
           x )
          old )
         cur )
        k ))))}))
in
let main [|r|]=
(λ(x:ref(r,nat)) ->
((apply [unit,unit||{r r {r } { 120 128 131} 133}]
 (λ(z:unit) ->
 ((:= [nat|r|] x ) 0){(λ(old:map{r |}) ->
                      (λ(cur:map{r |}) ->
                      (λ(:unit) ->
                      ((= [nat||] ((!! [nat|r|{r }] x ) cur )) 0))))}))
()){(λ(old:map{r |}) ->
    (λ(cur:map{r |}) ->
    (λ(:unit) -> ((= [nat||] ((!! [nat|r|{r }] x ) cur )) 0))))})
in ()
