(let f ['a]   =
 ((λ(x:'a) ->
  ((λ(y:'a) ->
   (((((beq_z[a|->'a;][][] : ('a ->{ } ('a ->{ } bool)), 21)
      (x[][][] : 'a, 23)) : ('a ->{ } bool), { { }
    21 23}) (y[][][] : 'a, 26)) : bool, { { }
   { { } 21 23} 26})) : ('a ->{ { }
  { { } 21 23} 26} bool), 29)) : ('a ->29 ('a ->{ { }
 { { } 21 23} 26} bool)), 31) in
 (let f ['a]   = ((λ(x:'a) -> (true : bool, 35)) : ('a ->35 bool), 37) in
  (let g   =
   (((f['a|->bool;][][] : (bool ->{ } bool), 45) (true : bool, 46)) : bool, { { }
   45 46}) in
   (let h   =
    (((f['a|->nat;][][] : (nat ->{ } bool), 55) (5 : nat, 56)) : bool, { { }
    55 56}) in (() : unit, 58) : unit, { { { }
   55 56} 58}) : unit, { { { }
  45 46} { { { } 55 56} 58}}) : unit, { 37
 { { { } 45 46} { { { } 55 56} 58}}}) : unit, { 31 { 37 { { { } 45 46}
{ { { } 55 56}
58}}}})
