(let seq ['a 'b 'c]   [e1 e2] =
 ((λ(f:('a ->{|e1 } 'b)) ->
  ((λ(g:('b ->{|e2 } 'c)) ->
   ((λ(x:'a) ->
    (((g[][][] : ('b ->e2 'c), 28)
     (((f[][][] : ('a ->e1 'b), 37) (x[][][] : 'a, 39)) : 'b, { e1 37 39})) : 'c, { e2
    28 { e1 37 39}})) : ('a ->{ e2
   28 { e1 37 39}} 'c), 43)) : (('b ->e2 'c) ->43 ('a ->{ e2
  28 { e1 37 39}} 'c)), 45)) : (('a ->e1 'b) ->45 (('b ->e2 'c) ->43 ('a ->{ e2
 28 { e1 37 39}} 'c))), 47) in
 (let h  [r1 r2]  =
  ((λ(x:ref(r1,nat)) ->
   ((λ(y:ref(r2,nat)) ->
    (((((seq['c|->nat;'a|->nat;'b|->nat;][][e1|->{ {r1 } 84 87};e2|->{ {r2 }
       101 104};] : ((nat ->{ {r1 } 84 87} nat) ->{ } ((nat ->{ {r2 } 101
       104} nat) ->{ } (nat ->{ { {r2 } 101 104} { {r1 } 84 87}} nat))), 74)
       ((λ(z:nat) ->
        (((![a|->nat;][r|->r1;][] : (ref(r1,nat) ->{r1 } nat), 84)
         (x[][][] : ref(r1,nat), 87)) : nat, { {r1 }
        84 87})) : (nat ->{ {r1 }
       84 87} nat), 90)) : ((nat ->{ {r2 }
     101 104} nat) ->{ } (nat ->{ { {r2 } 101 104} { {r1 } 84
     87}} nat)), { { } 74 90})
     ((λ(z:nat) ->
      (((![a|->nat;][r|->r2;][] : (ref(r2,nat) ->{r2 } nat), 101)
       (y[][][] : ref(r2,nat), 104)) : nat, { {r2 }
      101 104})) : (nat ->{ {r2 }
     101 104} nat), 107)) : (nat ->{ { {r2 }
    101 104} { {r1 } 84 87}} nat), { { } { { } 74 90} 107})) : (ref(r2,nat) ->{ { }
   { { } 74 90} 107} (nat ->{ { {r2 } 101 104} { {r1 } 84 87}} nat)), 110)) : (ref(r1,nat) ->110 (ref(r2,nat) ->{ { }
  { { } 74 90} 107} (nat ->{ { {r2 } 101 104} { {r1 } 84 87}} nat))), 112) in
  (() : unit, 113) : unit, { 112
 113}) : unit, { 47 { 112
113}})
