type unit
logic tt  : unit
type region['u||]
type refty['reg 'ty||]
logic ref_get ['reg 'u||] : region[reg] -> refty[reg,u] -> u
logic get_2_1_tuple ['a 'b||] : (a * b) -> a
logic get_2_2_tuple ['a 'b||] : (a * b) -> b
logic mk_2tuple ['a 'b||] : a -> b -> a * b
logic = ['a||] : a -> a -> prop
logic ->  : prop -> prop -> prop
logic z  : int
logic f ['e||] : e -> int
goal g: forall (x:int). (z =[int||] (f [unit||] tt)) -> (x =[int||] 3)
